// Jest Snapshot v1, https://goo.gl/fbAQLP

exports[`Display component matches the snapshot 1`] = `
<div>
  <div
    class="py-3 px-3 bg-slate-700 flex justify-end"
  >
    <p
      class="text-4xl text-white font-medium"
    >
      123
    </p>
  </div>
</div>
`;
