// Jest Snapshot v1, https://goo.gl/fbAQLP

exports[`Error component matches the snapshot 1`] = `
<div>
  <div
    class="h-[100vh] w-screen flex justify-center items-center"
  >
    <h1
      class="text-5xl font-semibold"
    >
      There was an error!
    </h1>
  </div>
</div>
`;
