// Jest Snapshot v1, https://goo.gl/fbAQLP

exports[`Loading component matches the snapshot 1`] = `
<div>
  <div
    class="h-[100vh] w-screen flex justify-center items-start"
  >
    <h1
      class="text-5xl font-semibold mt-[18vh]"
    >
      Loading...
    </h1>
  </div>
</div>
`;
