// Jest Snapshot v1, https://goo.gl/fbAQLP

exports[`Operators component matches the snapshot 1`] = `
<div>
  <div
    class="flex flex-col justify-end w-[25%] h-[300px]"
  >
    <div
      data-testid="single-button"
    >
      Operator 1
       - 
      basis-1/3
       - 
      bg-orange-400
    </div>
    <div
      data-testid="single-button"
    >
      Operator 2
       - 
      basis-1/3
       - 
      bg-orange-400
    </div>
    <div
      data-testid="single-button"
    >
      Operator 3
       - 
      basis-1/3
       - 
      bg-orange-400
    </div>
  </div>
</div>
`;
